============================= test session starts =============================
platform win32 -- Python 3.13.3, pytest-8.3.5, pluggy-1.5.0 -- C:\Users\km61712\CascadeProjects\CustomerNameMatching\.venv\Scripts\python.exe
cachedir: .pytest_cache
rootdir: C:\Users\km61712\CascadeProjects\CustomerNameMatching
configfile: pytest.ini
testpaths: backend/tests, tests
plugins: anyio-4.9.0, cov-6.1.1
collecting ... collected 39 items / 1 error / 2 skipped

=================================== ERRORS ====================================
________________ ERROR collecting backend/tests/test_review.py ________________
ImportError while importing test module 'C:\Users\km61712\CascadeProjects\CustomerNameMatching\backend\tests\test_review.py'.
Hint: make sure your test modules/packages have valid Python names.
Traceback:
.venv\Lib\site-packages\_pytest\python.py:493: in importtestmodule
    mod = import_path(
.venv\Lib\site-packages\_pytest\pathlib.py:587: in import_path
    importlib.import_module(module_name)
C:\Python313\Lib\importlib\__init__.py:88: in import_module
    return _bootstrap._gcd_import(name[level:], package, level)
<frozen importlib._bootstrap>:1387: in _gcd_import
    ???
<frozen importlib._bootstrap>:1360: in _find_and_load
    ???
<frozen importlib._bootstrap>:1331: in _find_and_load_unlocked
    ???
<frozen importlib._bootstrap>:935: in _load_unlocked
    ???
.venv\Lib\site-packages\_pytest\assertion\rewrite.py:185: in exec_module
    exec(co, module.__dict__)
backend\tests\test_review.py:9: in <module>
    from backend.db import init_db, SessionLocal
E   ImportError: cannot import name 'init_db' from 'backend.db' (C:\Users\km61712\CascadeProjects\CustomerNameMatching\backend\db.py)
============================== warnings summary ===============================
.venv\Lib\site-packages\faiss\loader.py:49
  C:\Users\km61712\CascadeProjects\CustomerNameMatching\.venv\Lib\site-packages\faiss\loader.py:49: DeprecationWarning: numpy.core._multiarray_umath is deprecated and has been renamed to numpy._core._multiarray_umath. The numpy._core namespace contains private NumPy internals and its use is discouraged, as NumPy internals can change without warning in any release. In practice, most real-world usage of numpy.core is to access functionality in the public NumPy API. If that is the case, use the public NumPy API. If not, you are using NumPy internals. If you would still like to access an internal attribute, use numpy._core._multiarray_umath.__cpu_features__.
    from numpy.core._multiarray_umath import __cpu_features__

backend\main.py:41
  C:\Users\km61712\CascadeProjects\CustomerNameMatching\backend\main.py:41: DeprecationWarning: 
          on_event is deprecated, use lifespan event handlers instead.
  
          Read more about it in the
          [FastAPI docs for Lifespan Events](https://fastapi.tiangolo.com/advanced/events/).
          
    @app.on_event("startup")

.venv\Lib\site-packages\fastapi\applications.py:4495
  C:\Users\km61712\CascadeProjects\CustomerNameMatching\.venv\Lib\site-packages\fastapi\applications.py:4495: DeprecationWarning: 
          on_event is deprecated, use lifespan event handlers instead.
  
          Read more about it in the
          [FastAPI docs for Lifespan Events](https://fastapi.tiangolo.com/advanced/events/).
          
    return self.router.on_event(event_type)

-- Docs: https://docs.pytest.org/en/stable/how-to/capture-warnings.html
=========================== short test summary info ===========================
ERROR backend/tests/test_review.py
!!!!!!!!!!!!!!!!!!! Interrupted: 1 error during collection !!!!!!!!!!!!!!!!!!!!
=================== 2 skipped, 3 warnings, 1 error in 2.81s ===================
