============================= test session starts =============================
platform win32 -- Python 3.13.3, pytest-8.3.5, pluggy-1.5.0 -- C:\Users\km61712\CascadeProjects\CustomerNameMatching\.venv\Scripts\python.exe
cachedir: .pytest_cache
rootdir: C:\Users\km61712\CascadeProjects\CustomerNameMatching
configfile: pytest.ini
testpaths: backend/tests, tests
plugins: anyio-4.9.0, cov-6.1.1
collecting ... collected 41 items / 2 skipped

backend/tests/test_review.py::test_review_approve PASSED                 [  2%]
backend/tests/test_review.py::test_review_reject PASSED                  [  4%]
tests/test_db_pipeline_helpers.py::test_get_connection_string_direct PASSED [  7%]
tests/test_db_pipeline_helpers.py::test_get_connection_string_fallback_local PASSED [  9%]
tests/test_db_pipeline_helpers.py::test_get_connection_string_keyvault_error PASSED [ 12%]
tests/test_db_pipeline_helpers.py::test_get_blob_secret_direct PASSED    [ 14%]
tests/test_db_pipeline_helpers.py::test_get_blob_secret_keyvault_missing PASSED [ 17%]
tests/test_db_pipeline_helpers.py::test_normalize_and_embed_default PASSED [ 19%]
tests/test_db_pipeline_helpers.py::test_validate_mappings_success PASSED [ 21%]
tests/test_db_pipeline_helpers.py::test_validate_mappings_failure PASSED [ 24%]
tests/test_main.py::test_upload_and_download_flow[True] PASSED           [ 26%]
tests/test_main.py::test_upload_and_download_flow[False] FAILED          [ 29%]
tests/test_main.py::test_download_errors PASSED                          [ 31%]
tests/test_pipeline.py::test_small_dataset FAILED                        [ 34%]
tests/test_pipeline.py::test_large_dataset FAILED                        [ 36%]
tests/test_pipeline.py::test_empty_dataset[empty_df0] PASSED             [ 39%]
tests/test_pipeline.py::test_empty_dataset[empty_df1] PASSED             [ 41%]
tests/test_pipeline.py::test_mismatched_sizes FAILED                     [ 43%]
tests/test_pipeline.py::test_invalid_format PASSED                       [ 46%]
tests/test_pipeline.py::test_missing_columns_A PASSED                    [ 48%]
tests/test_pipeline.py::test_missing_columns_B PASSED                    [ 51%]
tests/test_pipeline.py::test_null_values PASSED                          [ 53%]
tests/test_pipeline.py::test_blob_secret_failure PASSED                  [ 56%]
tests/test_pipeline.py::test_blob_upload_failure FAILED                  [ 58%]
tests/test_pipeline.py::test_sas_override_env FAILED                     [ 60%]
tests/test_pipeline.py::test_sas_generation_blobclient FAILED            [ 63%]
tests/test_pipeline.py::test_sas_generation_failure FAILED               [ 65%]
tests/test_pipeline.py::test_get_container_client_missing PASSED         [ 68%]
tests/test_pipeline.py::test_get_container_client_success FAILED         [ 70%]
tests/test_pipeline.py::test_generate_sas_missing_key PASSED             [ 73%]
tests/test_pipeline.py::test_generate_sas_env_override PASSED            [ 75%]
tests/test_pipeline.py::test_generate_sas_blobclient_success PASSED      [ 78%]
tests/test_pipeline.py::test_generate_sas_blobclient_failure PASSED      [ 80%]
tests/test_pipeline.py::test_sas_generation FAILED                       [ 82%]
tests/test_pipeline.py::test_generate_shared_access_signature_called FAILED [ 85%]
tests/test_sas_helpers.py::test_get_container_client_missing_env PASSED  [ 87%]
tests/test_sas_helpers.py::test_get_container_client_success FAILED      [ 90%]

================================== FAILURES ===================================
____________________ test_upload_and_download_flow[False] _____________________
tests\test_main.py:69: in test_upload_and_download_flow
    assert resp3.status_code in (307, 302)
E   assert 404 in (307, 302)
E    +  where 404 = <Response [404 Not Found]>.status_code
_____________________________ test_small_dataset ______________________________
tests\test_pipeline.py:76: in test_small_dataset
    url = process_upload(U(a_bytes, 'a.xlsx'), U(b_bytes, 'b.xlsx'))
backend\pipeline.py:159: in process_upload
    cursor.fast_executemany = True
E   AttributeError: 'sqlite3.Cursor' object has no attribute 'fast_executemany' and no __dict__ for setting new attributes. Did you mean: 'executemany'?
---------------------------- Captured stdout call -----------------------------
[E2E] Retrieved blob secret
[BENCH] Total embed time (chunked): 0.00s
[BENCH] OpenAI embed A total time: 0.00s
[BENCH] Total embed time (chunked): 0.00s
[BENCH] OpenAI embed B total time: 0.00s
[BENCH] Data loaded: A=(2, 7), B=(2, 7)
_____________________________ test_large_dataset ______________________________
tests\test_pipeline.py:92: in test_large_dataset
    url = process_upload(U(a_bytes, 'A.xlsx'), U(b_bytes, 'B.xlsx'))
backend\pipeline.py:159: in process_upload
    cursor.fast_executemany = True
E   AttributeError: 'sqlite3.Cursor' object has no attribute 'fast_executemany' and no __dict__ for setting new attributes. Did you mean: 'executemany'?
---------------------------- Captured stdout call -----------------------------
[E2E] Retrieved blob secret
[BENCH] Total embed time (chunked): 0.00s
[BENCH] OpenAI embed A total time: 0.01s
[BENCH] Total embed time (chunked): 0.00s
[BENCH] OpenAI embed B total time: 0.01s
[BENCH] Data loaded: A=(3000, 7), B=(3000, 7)
____________________________ test_mismatched_sizes ____________________________
tests\test_pipeline.py:114: in test_mismatched_sizes
    url = process_upload(U(a_bytes, 'A.xlsx'), U(b_bytes, 'B.xlsx'))
backend\pipeline.py:159: in process_upload
    cursor.fast_executemany = True
E   AttributeError: 'sqlite3.Cursor' object has no attribute 'fast_executemany' and no __dict__ for setting new attributes. Did you mean: 'executemany'?
---------------------------- Captured stdout call -----------------------------
[E2E] Retrieved blob secret
[BENCH] Total embed time (chunked): 0.00s
[BENCH] OpenAI embed A total time: 0.00s
[BENCH] Total embed time (chunked): 0.00s
[BENCH] OpenAI embed B total time: 0.00s
[BENCH] Data loaded: A=(5, 7), B=(1, 7)
__________________________ test_blob_upload_failure ___________________________
tests\test_pipeline.py:178: in test_blob_upload_failure
    process_upload(U(a_bytes, 'a.xlsx'), U(b_bytes, 'b.xlsx'))
backend\pipeline.py:159: in process_upload
    cursor.fast_executemany = True
E   AttributeError: 'sqlite3.Cursor' object has no attribute 'fast_executemany' and no __dict__ for setting new attributes. Did you mean: 'executemany'?
---------------------------- Captured stdout call -----------------------------
[E2E] Retrieved blob secret
[BENCH] Total embed time (chunked): 0.00s
[BENCH] OpenAI embed A total time: 0.00s
[BENCH] Total embed time (chunked): 0.00s
[BENCH] OpenAI embed B total time: 0.00s
[BENCH] Data loaded: A=(1, 7), B=(1, 7)
____________________________ test_sas_override_env ____________________________
tests\test_pipeline.py:323: in test_sas_override_env
    url = pipeline.process_upload(U(a_bytes, 'a.xlsx'), U(b_bytes, 'b.xlsx'))
backend\pipeline.py:159: in process_upload
    cursor.fast_executemany = True
E   AttributeError: 'sqlite3.Cursor' object has no attribute 'fast_executemany' and no __dict__ for setting new attributes. Did you mean: 'executemany'?
---------------------------- Captured stdout call -----------------------------
[E2E] Retrieved blob secret
[BENCH] Total embed time (chunked): 0.00s
[BENCH] OpenAI embed A total time: 0.00s
[BENCH] Total embed time (chunked): 0.00s
[BENCH] OpenAI embed B total time: 0.00s
[BENCH] Data loaded: A=(1, 7), B=(1, 7)
_______________________ test_sas_generation_blobclient ________________________
tests\test_pipeline.py:217: in test_sas_generation_blobclient
    url = pipeline.process_upload(U(a,'a.xlsx'), U(b,'b.xlsx'))
backend\pipeline.py:159: in process_upload
    cursor.fast_executemany = True
E   AttributeError: 'sqlite3.Cursor' object has no attribute 'fast_executemany' and no __dict__ for setting new attributes. Did you mean: 'executemany'?
---------------------------- Captured stdout call -----------------------------
[E2E] Retrieved blob secret
[BENCH] Total embed time (chunked): 0.00s
[BENCH] OpenAI embed A total time: 0.00s
[BENCH] Total embed time (chunked): 0.00s
[BENCH] OpenAI embed B total time: 0.00s
[BENCH] Data loaded: A=(1, 7), B=(1, 7)
_________________________ test_sas_generation_failure _________________________
tests\test_pipeline.py:234: in test_sas_generation_failure
    pipeline.process_upload(U(a,'a.xlsx'), U(b,'b.xlsx'))
backend\pipeline.py:159: in process_upload
    cursor.fast_executemany = True
E   AttributeError: 'sqlite3.Cursor' object has no attribute 'fast_executemany' and no __dict__ for setting new attributes. Did you mean: 'executemany'?
---------------------------- Captured stdout call -----------------------------
[E2E] Retrieved blob secret
[BENCH] Total embed time (chunked): 0.00s
[BENCH] OpenAI embed A total time: 0.00s
[BENCH] Total embed time (chunked): 0.00s
[BENCH] OpenAI embed B total time: 0.00s
[BENCH] Data loaded: A=(1, 7), B=(1, 7)
______________________ test_get_container_client_success ______________________
tests\test_pipeline.py:248: in test_get_container_client_success
    client = _get_container_client('connstr')
backend\sas_helpers.py:11: in _get_container_client
    service = BlobServiceClient.from_connection_string(blob_secret)
.venv\Lib\site-packages\azure\storage\blob\_blob_service_client.py:184: in from_connection_string
    account_url, secondary, credential = parse_connection_str(conn_str, credential, 'blob')
.venv\Lib\site-packages\azure\storage\blob\_shared\base_client.py:395: in parse_connection_str
    raise ValueError("Connection string is either blank or malformed.")
E   ValueError: Connection string is either blank or malformed.
_____________________________ test_sas_generation _____________________________
tests\test_pipeline.py:303: in test_sas_generation
    monkeypatch.setattr(pipeline, 'generate_blob_sas', fake_sas)
E   AttributeError: <module 'backend.pipeline' from 'C:\\Users\\km61712\\CascadeProjects\\CustomerNameMatching\\backend\\pipeline.py'> has no attribute 'generate_blob_sas'
________________ test_generate_shared_access_signature_called _________________
tests\test_pipeline.py:359: in test_generate_shared_access_signature_called
    url = pipeline.process_upload(U(a_bytes, 'a.xlsx'), U(b_bytes, 'b.xlsx'))
backend\pipeline.py:159: in process_upload
    cursor.fast_executemany = True
E   AttributeError: 'sqlite3.Cursor' object has no attribute 'fast_executemany' and no __dict__ for setting new attributes. Did you mean: 'executemany'?
---------------------------- Captured stdout call -----------------------------
[E2E] Retrieved blob secret
[BENCH] Total embed time (chunked): 0.00s
[BENCH] OpenAI embed A total time: 0.00s
[BENCH] Total embed time (chunked): 0.00s
[BENCH] OpenAI embed B total time: 0.00s
[BENCH] Data loaded: A=(1, 7), B=(1, 7)
______________________ test_get_container_client_success ______________________
tests\test_sas_helpers.py:43: in test_get_container_client_success
    client = _get_container_client('connstr')
backend\sas_helpers.py:11: in _get_container_client
    service = BlobServiceClient.from_connection_string(blob_secret)
.venv\Lib\site-packages\azure\storage\blob\_blob_service_client.py:184: in from_connection_string
    account_url, secondary, credential = parse_connection_str(conn_str, credential, 'blob')
.venv\Lib\site-packages\azure\storage\blob\_shared\base_client.py:395: in parse_connection_str
    raise ValueError("Connection string is either blank or malformed.")
E   ValueError: Connection string is either blank or malformed.
=========================== short test summary info ===========================
FAILED tests/test_main.py::test_upload_and_download_flow[False] - assert 404 ...
FAILED tests/test_pipeline.py::test_small_dataset - AttributeError: 'sqlite3....
FAILED tests/test_pipeline.py::test_large_dataset - AttributeError: 'sqlite3....
FAILED tests/test_pipeline.py::test_mismatched_sizes - AttributeError: 'sqlit...
FAILED tests/test_pipeline.py::test_blob_upload_failure - AttributeError: 'sq...
FAILED tests/test_pipeline.py::test_sas_override_env - AttributeError: 'sqlit...
FAILED tests/test_pipeline.py::test_sas_generation_blobclient - AttributeErro...
FAILED tests/test_pipeline.py::test_sas_generation_failure - AttributeError: ...
FAILED tests/test_pipeline.py::test_get_container_client_success - ValueError...
FAILED tests/test_pipeline.py::test_sas_generation - AttributeError: <module ...
FAILED tests/test_pipeline.py::test_generate_shared_access_signature_called
FAILED tests/test_sas_helpers.py::test_get_container_client_success - ValueEr...
!!!!!!!!!!!!!!!!!!!!!!!!! stopping after 12 failures !!!!!!!!!!!!!!!!!!!!!!!!!!
============ 12 failed, 25 passed, 2 skipped, 14 warnings in 4.41s ============
